项目“AIVTuber.Core”具有以下包引用
   [net10.0]: 
   顶级包                                  已请求      已解决   
   > Microsoft.Data.Sqlite              10.0.9   10.0.9
   > Microsoft.ML.OnnxRuntime           1.21.0   1.21.0
   > NAudio                             2.2.1    2.2.1 
   > SQLitePCLRaw.bundle_e_sqlite3      3.0.3    3.0.3 
   > WebRtcVadSharp                     1.1.0    1.1.0 
   > Websocket.Client                   3.0.15   3.0.15

   可传递的包                                                已解决     
   > Microsoft.Data.Sqlite.Core                         10.0.9  
   > Microsoft.ML.OnnxRuntime.Managed                   1.21.0  
   > NAudio.Asio                                        2.2.1   
   > NAudio.Core                                        2.2.1   
   > NAudio.Midi                                        2.2.1   
   > NAudio.Wasapi                                      2.2.1   
   > NAudio.WinMM                                       2.2.1   
   > SourceGear.sqlite3                                 3.50.4.5
   > SQLitePCLRaw.config.e_sqlite3                      3.0.3   
   > SQLitePCLRaw.core                                  3.0.3   
   > SQLitePCLRaw.provider.e_sqlite3                    3.0.3   
   > System.Numerics.Tensors                            9.0.0   
   > System.Reactive                                    4.0.0   
   > System.Runtime.InteropServices.WindowsRuntime      4.3.0   

项目“AIVTuber.Tests”具有以下包引用
   [net10.0]: 
   顶级包                              已请求       已解决    
   > coverlet.collector             6.0.4     6.0.4  
   > Microsoft.NET.Test.Sdk         17.14.1   17.14.1
   > xunit                          2.9.3     2.9.3  
   > xunit.runner.visualstudio      3.1.4     3.1.4  
   > Xunit.SkippableFact            1.5.61    1.5.61 

   可传递的包                                                已解决     
   > Microsoft.CodeCoverage                             17.14.1 
   > Microsoft.Data.Sqlite                              10.0.9  
   > Microsoft.Data.Sqlite.Core                         10.0.9  
   > Microsoft.ML.OnnxRuntime                           1.21.0  
   > Microsoft.ML.OnnxRuntime.Managed                   1.21.0  
   > Microsoft.TestPlatform.ObjectModel                 17.14.1 
   > Microsoft.TestPlatform.TestHost                    17.14.1 
   > NAudio                                             2.2.1   
   > NAudio.Asio                                        2.2.1   
   > NAudio.Core                                        2.2.1   
   > NAudio.Midi                                        2.2.1   
   > NAudio.Wasapi                                      2.2.1   
   > NAudio.WinMM                                       2.2.1   
   > Newtonsoft.Json                                    13.0.3  
   > SourceGear.sqlite3                                 3.50.4.5
   > SQLitePCLRaw.bundle_e_sqlite3                      3.0.3   
   > SQLitePCLRaw.config.e_sqlite3                      3.0.3   
   > SQLitePCLRaw.core                                  3.0.3   
   > SQLitePCLRaw.provider.e_sqlite3                    3.0.3   
   > System.Numerics.Tensors                            9.0.0   
   > System.Reactive                                    4.0.0   
   > System.Runtime.InteropServices.WindowsRuntime      4.3.0   
   > Validation                                         2.6.68  
   > WebRtcVadSharp                                     1.1.0   
   > Websocket.Client                                   3.0.15  
   > xunit.abstractions                                 2.0.3   
   > xunit.analyzers                                    1.18.0  
   > xunit.assert                                       2.9.3   
   > xunit.core                                         2.9.3   
   > xunit.extensibility.core                           2.9.3   
   > xunit.extensibility.execution                      2.9.3   

项目“App”具有以下包引用
   [net10.0-windows]: 
   顶级包                                  已请求          已解决   
   > Microsoft.NET.ILLink.Tasks   (A)   [10.0.9, )   10.0.9
   > WPF-UI                             3.1.1        3.1.1 

   可传递的包                                                已解决     
   > Microsoft.Data.Sqlite                              10.0.9  
   > Microsoft.Data.Sqlite.Core                         10.0.9  
   > Microsoft.ML.OnnxRuntime                           1.21.0  
   > Microsoft.ML.OnnxRuntime.Managed                   1.21.0  
   > NAudio                                             2.2.1   
   > NAudio.Asio                                        2.2.1   
   > NAudio.Core                                        2.2.1   
   > NAudio.Midi                                        2.2.1   
   > NAudio.Wasapi                                      2.2.1   
   > NAudio.WinForms                                    2.2.1   
   > NAudio.WinMM                                       2.2.1   
   > SourceGear.sqlite3                                 3.50.4.5
   > SQLitePCLRaw.bundle_e_sqlite3                      3.0.3   
   > SQLitePCLRaw.config.e_sqlite3                      3.0.3   
   > SQLitePCLRaw.core                                  3.0.3   
   > SQLitePCLRaw.provider.e_sqlite3                    3.0.3   
   > System.Numerics.Tensors                            9.0.0   
   > System.Reactive                                    4.0.0   
   > System.Runtime.InteropServices.WindowsRuntime      4.3.0   
   > WebRtcVadSharp                                     1.1.0   
   > Websocket.Client                                   3.0.15  

(A): 自动引用的包。

